[    0.000000] Linux version 4.15.0-177-generic (buildd@ubuntu) (gcc version 7.5.0 (Ubuntu 7.5.0-3ubuntu1~18.04)) #186-Ubuntu SMP Thu Apr 14 20:23:07 UTC 2022 (Ubuntu 4.15.0-177.186-generic 4.15.18)
[    0.000000] Command line: BOOT_IMAGE=/boot/vmlinuz-4.15.0-177-generic root=LABEL=cloudimg-rootfs ro console=tty1 console=ttyS0
[    0.000000] KERNEL supported cpus:
[    0.000000]   Intel GenuineIntel
[    0.000000]   AMD AuthenticAMD
[    0.000000]   Centaur CentaurHauls
[    0.000000] x86/fpu: Supporting XSAVE feature 0x001: 'x87 floting point registers'
[    0.000000] x86/fpu: Supporting XSAVE feature 0x002: 'SSE registers'
[    0.000000] x86/fpu: Supporting XSAVE feature 0x004: 'AVX registers'
[    0.000000] x86/fpu: xstate_offset[2]:  576, xstate_sizes[2]:  256
[    0.000000] x86/fpu: Enabled xstate features 0x7, context size is 832 bytes, using 'standard' format.
[    0.000000] e820: BIOS-provided physical RAM map:
[    0.000000] BIOS-e820: [mem 0x0000000000000000-0x000000000009fbff] usable
[    0.000000] BIOS-e820: [mem 0x000000000009fc00-0x000000000009ffff] reserved
[    0.000000] BIOS-e820: [mem 0x00000000000f0000-0x00000000000fffff] reserved
[    0.000000] BIOS-e820: [mem 0x0000000000100000-0x000000003ffeffff] usable
[    0.000000] BIOS-e820: [mem 0x000000003fff0000-0x000000003fffffff] ACPI data
[    0.000000] BIOS-e820: [mem 0x00000000fec00000-0x00000000fec00fff] reserved
[    0.000000] BIOS-e820: [mem 0x00000000fee00000-0x00000000fee00fff] reserved
[    0.000000] BIOS-e820: [mem 0x00000000fffc0000-0x00000000ffffffff] reserved
[    0.000000] NX (Execute Disable) protection: active
[    0.000000] SMBIOS 2.5 present.
[    0.000000] DMI: innotek GmbH VirtualBox/VirtualBox, BIOS VirtualBox 12/01/2006
[    0.000000] Hypervisor detected: KVM
[    0.000000] e820: last_pfn = 0x3fff0 max_arch_pfn = 0x400000000
[    0.000000] MTRR: Disabled
[    0.000000] x86/PAT: MTRRs disabled, skipping PAT initialization too.
[    0.000000] CPU MTRRs all blank - virtualized system.
[    0.000000] x86/PAT: Configuration [0-7]: WB  WT  UC- UC  WB  WT  UC- UC  
[    0.000000] found SMP MP-table at [mem 0x0009fff0-0x0009ffff]
[    0.000000] Scanning 1 areas for low memory corruption
[    0.000000] RAMDISK: [mem 0x359cb000-0x36cdcfff]
[    0.000000] ACPI: Early table checksum verification disabled
[    0.000000] ACPI: RSDP 0x00000000000E0000 000024 (v02 VBOX  )
[    0.000000] ACPI: XSDT 0x000000003FFF0030 00003C (v01 VBOX   VBOXXSDT 00000001 ASL  00000061)
[    0.000000] ACPI: FACP 0x000000003FFF00F0 0000F4 (v04 VBOX   VBOXFACP 00000001 ASL  00000061)
[    0.000000] ACPI: DSDT 0x000000003FFF0470 002325 (v02 VBOX   VBOXBIOS 00000002 INTL 20100528)
[    0.000000] ACPI: FACS 0x000000003FFF0200 000040
[    0.000000] ACPI: FACS 0x000000003FFF0200 000040
[    0.000000] ACPI: APIC 0x000000003FFF0240 00005C (v02 VBOX   VBOXAPIC 00000001 ASL  00000061)
[    0.000000] ACPI: SSDT 0x000000003FFF02A0 0001CC (v01 VBOX   VBOXCPUT 00000002 INTL 20100528)
[    0.000000] ACPI: Reserving FACP table memory at [mem 0x3fff00f0-0x3fff01e3]
[    0.000000] ACPI: Reserving DSDT table memory at [mem 0x3fff0470-0x3fff2794]
[    0.000000] ACPI: Reserving FACS table memory at [mem 0x3fff0200-0x3fff023f]
[    0.000000] ACPI: Reserving FACS table memory at [mem 0x3fff0200-0x3fff023f]
[    0.000000] ACPI: Reserving APIC table memory at [mem 0x3fff0240-0x3fff029b]
[    0.000000] ACPI: Reserving SSDT table memory at [mem 0x3fff02a0-0x3fff046b]
[    0.000000] No NUMA configuration found
[    0.000000] Faking a node at [mem 0x0000000000000000-0x000000003ffeffff]
[    0.000000] NODE_DATA(0) allocated [mem 0x3ffc5000-0x3ffeffff]
[    0.000000] kvm-clock: cpu 0, msr 0:3ff44001, primary cpu clock
[    0.000000] kvm-clock: Using msrs 4b564d01 and 4b564d00
[    0.000000] kvm-clock: using sched offset of 4314274322 cycles
[    0.000000] clocksource: kvm-clock: mask: 0xffffffffffffffff max_cycles: 0x1cd42e4dffb, max_idle_ns: 881590591483 ns
[    0.000000] Zone ranges:
[    0.000000]   DMA      [mem 0x0000000000001000-0x0000000000ffffff]
[    0.000000]   DMA32    [mem 0x0000000001000000-0x000000003ffeffff]
[    0.000000]   Normal   empty
[    0.000000]   Device   empty
[    0.000000] Movable zone start for each node
[    0.000000] Early memory node ranges
[    0.000000]   node   0: [mem 0x0000000000001000-0x000000000009efff]
[    0.000000]   node   0: [mem 0x0000000000100000-0x000000003ffeffff]
[    0.000000] Reserved but unavailable: 104 pages
[    0.000000] Initmem setup node 0 [mem 0x0000000000001000-0x000000003ffeffff]
[    0.000000] ACPI: PM-Timer IO Port: 0x4008
[    0.000000] IOAPIC[0]: apic_id 2, version 32, address 0xfec00000, GSI 0-23
[    0.000000] ACPI: INT_SRC_OVR (bus 0 bus_irq 0 global_irq 2 dfl dfl)
[    0.000000] ACPI: INT_SRC_OVR (bus 0 bus_irq 9 global_irq 9 low level)
[    0.000000] Using ACPI (MADT) for SMP configuration information
[    0.000000] smpboot: Allowing 2 CPUs, 0 hotplug CPUs
[    0.000000] PM: Registered nosave memory: [mem 0x00000000-0x00000fff]
[    0.000000] PM: Registered nosave memory: [mem 0x0009f000-0x0009ffff]
[    0.000000] PM: Registered nosave memory: [mem 0x000a0000-0x000effff]
[    0.000000] PM: Registered nosave memory: [mem 0x000f0000-0x000fffff]
[    0.000000] e820: [mem 0x40000000-0xfebfffff] available for PCI devices
[    0.000000] Booting paravirtualized kernel on KVM
[    0.000000] clocksource: refined-jiffies: mask: 0xffffffff max_cycles: 0xffffffff, max_idle_ns: 7645519600211568 ns
[    0.000000] random: get_random_bytes called from start_kernel+0x99/0x500 with crng_init=0
[    0.000000] setup_percpu: NR_CPUS:8192 nr_cpumask_bits:2 nr_cpu_ids:2 nr_node_ids:1
[    0.000000] percpu: Embedded 50 pages/cpu s167936 r8192 d28672 u1048576
[    0.000000] PV qspinlock hash table entries: 256 (order: 0, 4096 bytes)
[    0.000000] Built 1 zonelists, mobility grouping on.  Total pages: 257913
[    0.000000] Policy zone: DMA32
[    0.000000] Kernel command line: BOOT_IMAGE=/boot/vmlinuz-4.15.0-177-generic root=LABEL=cloudimg-rootfs ro console=tty1 console=ttyS0
[    0.000000] Memory: 982648K/1048120K available (12300K kernel code, 2484K rwdata, 4324K rodata, 2468K init, 2724K bss, 65472K reserved, 0K cma-reserved)
[    0.000000] SLUB: HWalign=64, Order=0-3, MinObjects=0, CPUs=2, Nodes=1
[    0.000000] ftrace: allocating 39506 entries in 155 pages
[    0.004000] Hierarchical RCU implementation.
[    0.004000] 	RCU restricting CPUs from NR_CPUS=8192 to nr_cpu_ids=2.
[    0.004000] 	Tasks RCU enabled.
[    0.004000] RCU: Adjusting geometry for rcu_fanout_leaf=16, nr_cpu_ids=2
[    0.004000] NR_IRQS: 524544, nr_irqs: 440, preallocated irqs: 16
[    0.004000] Console: colour VGA+ 80x25
[    0.004000] console [tty1] enabled
[    0.004000] console [ttyS0] enabled
[    0.004000] ACPI: Core revision 20170831
[    0.004000] ACPI: 2 ACPI AML tables successfully acquired and loaded
[    0.004000] APIC: Switch to symmetric I/O mode setup
[    0.004000] x2apic enabled
[    0.004000] Switched APIC routing to physical x2apic.
[    0.004000] ..TIMER: vector=0x30 apic1=0 pin1=2 apic2=-1 pin2=-1
[    0.004004] tsc: Detected 1190.387 MHz processor
[    0.004740] Calibrating delay loop (skipped) preset value.. 2380.77 BogoMIPS (lpj=4761548)
[    0.005211] pid_max: default: 32768 minimum: 301
[    0.006059] Security Framework initialized
[    0.006727] Yama: becoming mindful.
[    0.008017] AppArmor: AppArmor initialized
[    0.008817] Dentry cache hash table entries: 131072 (order: 8, 1048576 bytes)
[    0.009946] Inode-cache hash table entries: 65536 (order: 7, 524288 bytes)
[    0.011008] Mount-cache hash table entries: 2048 (order: 2, 16384 bytes)
[    0.012005] Mountpoint-cache hash table entries: 2048 (order: 2, 16384 bytes)
[    0.013322] Last level iTLB entries: 4KB 0, 2MB 0, 4MB 0
[    0.014142] Last level dTLB entries: 4KB 0, 2MB 0, 4MB 0, 1GB 0
[    0.015126] Spectre V1 : Mitigation: usercopy/swapgs barriers and __user pointer sanitization
[    0.016004] Spectre V2 : Mitigation: Retpolines
[    0.016963] Spectre V2 : Spectre v2 / SpectreRSB mitigation: Filling RSB on context switch
[    0.018941] Speculative Store Bypass: Vulnerable
[    0.020238] Freeing SMP alternatives memory: 36K
[    0.133684] smpboot: CPU0: Intel(R) Core(TM) i5-1035G1 CPU @ 1.00GHz (family: 0x6, model: 0x7e, stepping: 0x5)
[    0.136000] Performance Events: unsupported p6 CPU model 126 no PMU driver, software events only.
[    0.136037] Hierarchical SRCU implementation.
[    0.137524] NMI watchdog: Perf event create on CPU 0 failed with -2
[    0.138529] NMI watchdog: Perf NMI watchdog permanently disabled
[    0.140039] smp: Bringing up secondary CPUs ...
[    0.140755] x86: Booting SMP configuration:
[    0.141511] .... node  #0, CPUs:      #1
[    0.004000] kvm-clock: cpu 1, msr 0:3ff44041, secondary cpu clock
[    0.144021] smp: Brought up 1 node, 2 CPUs
[    0.144647] smpboot: Max logical packages: 1
[    0.145284] smpboot: Total of 2 processors activated (4761.54 BogoMIPS)
[    0.148060] devtmpfs: initialized
[    0.148649] x86/mm: Memory block size: 128MB
[    0.149385] evm: security.selinux
[    0.149385] evm: security.SMACK64
[    0.149385] evm: security.SMACK64EXEC
[    0.149385] evm: security.SMACK64TRANSMUTE
[    0.149831] evm: security.SMACK64MMAP
[    0.150403] evm: security.apparmor
[    0.151044] evm: security.ima
[    0.151519] evm: security.capability
[    0.152059] clocksource: jiffies: mask: 0xffffffff max_cycles: 0xffffffff, max_idle_ns: 7645041785100000 ns
[    0.153589] futex hash table entries: 512 (order: 3, 32768 bytes)
[    0.156003] pinctrl core: initialized pinctrl subsystem
[    0.156030] RTC time: 18:18:56, date: 06/01/22
[    0.160000] NET: Registered protocol family 16
[    0.160063] audit: initializing netlink subsys (disabled)
[    0.164107] audit: type=2000 audit(1654107542.103:1): state=initialized audit_enabled=0 res=1
[    0.165420] cpuidle: using governor ladder
[    0.165420] cpuidle: using governor menu
[    0.165420] ACPI: bus type PCI registered
[    0.165995] acpiphp: ACPI Hot Plug PCI Controller Driver version: 0.5
[    0.168006] PCI: Using configuration type 1 for base access
[    0.168818] HugeTLB registered 2.00 MiB page size, pre-allocated 0 pages
[    0.169080] ACPI: Added _OSI(Module Device)
[    0.172002] ACPI: Added _OSI(Processor Device)
[    0.172002] ACPI: Added _OSI(3.0 _SCP Extensions)
[    0.172007] ACPI: Added _OSI(Processor Aggregator Device)
[    0.172914] ACPI: Added _OSI(Linux-Dell-Video)
[    0.173657] ACPI: Added _OSI(Linux-Lenovo-NV-HDMI-Audio)
[    0.174496] ACPI: Added _OSI(Linux-HPI-Hybrid-Graphics)
[    0.176097] ACPI: Executed 1 blocks of module-level executable AML code
[    0.180114] ACPI: Interpreter enabled
[    0.180756] ACPI: (supports S0 S5)
[    0.181326] ACPI: Using IOAPIC for interrupt routing
[    0.182635] PCI: Using host bridge windows from ACPI; if necessary, use "pci=nocrs" and report a bug
[    0.184000] ACPI: Enabled 2 GPEs in block 00 to 07
[    0.191534] ACPI: PCI Root Bridge [PCI0] (domain 0000 [bus 00-ff])
[    0.192016] acpi PNP0A03:00: _OSC: OS supports [ASPM ClockPM Segments MSI]
[    0.194193] acpi PNP0A03:00: _OSC: not requesting OS control; OS requires [ExtendedConfig ASPM ClockPM MSI]
[    0.196021] acpi PNP0A03:00: fail to add MMCONFIG information, can't access extended PCI configuration space under this bridge.
[    0.200038] PCI host bridge to bus 0000:00
[    0.201010] pci_bus 0000:00: root bus resource [io  0x0000-0x0cf7 window]
[    0.202535] pci_bus 0000:00: root bus resource [io  0x0d00-0xffff window]
[    0.203855] pci_bus 0000:00: root bus resource [mem 0x000a0000-0x000bffff window]
[    0.204004] pci_bus 0000:00: root bus resource [mem 0x40000000-0xfdffffff window]
[    0.205320] pci_bus 0000:00: root bus resource [bus 00-ff]
[    0.209971] pci 0000:00:01.1: legacy IDE quirk: reg 0x10: [io  0x01f0-0x01f7]
[    0.211252] pci 0000:00:01.1: legacy IDE quirk: reg 0x14: [io  0x03f6]
[    0.212003] pci 0000:00:01.1: legacy IDE quirk: reg 0x18: [io  0x0170-0x0177]
[    0.213284] pci 0000:00:01.1: legacy IDE quirk: reg 0x1c: [io  0x0376]
[    0.227313] pci 0000:00:07.0: quirk: [io  0x4000-0x403f] claimed by PIIX4 ACPI
[    0.228048] pci 0000:00:07.0: quirk: [io  0x4100-0x410f] claimed by PIIX4 SMB
[    0.237477] ACPI: PCI Interrupt Link [LNKA] (IRQs 5 9 10 *11)
[    0.238705] ACPI: PCI Interrupt Link [LNKB] (IRQs 5 9 *10 11)
[    0.240088] ACPI: PCI Interrupt Link [LNKC] (IRQs 5 *9 10 11)
[    0.241013] ACPI: PCI Interrupt Link [LNKD] (IRQs 5 9 10 *11)
[    0.242298] SCSI subsystem initialized
[    0.244072] pci 0000:00:02.0: vgaarb: setting as boot VGA device
[    0.244962] pci 0000:00:02.0: vgaarb: VGA device added: decodes=io+mem,owns=io+mem,locks=none
[    0.244962] pci 0000:00:02.0: vgaarb: bridge control possible
[    0.244962] vgaarb: loaded
[    0.245348] ACPI: bus type USB registered
[    0.245958] usbcore: registered new interface driver usbfs
[    0.248023] usbcore: registered new interface driver hub
[    0.248952] usbcore: registered new device driver usb
[    0.249728] EDAC MC: Ver: 3.0.0
[    0.252035] PCI: Using ACPI for IRQ routing
[    0.252906] NetLabel: Initializing
[    0.252906] NetLabel:  domain hash size = 128
[    0.253293] NetLabel:  protocols = UNLABELED CIPSOv4 CALIPSO
[    0.254281] NetLabel:  unlabeled traffic allowed by default
[    0.256063] clocksource: Switched to clocksource kvm-clock
[    0.275823] VFS: Disk quotas dquot_6.6.0
[    0.277651] VFS: Dquot-cache hash table entries: 512 (order 0, 4096 bytes)
[    0.279991] AppArmor: AppArmor Filesystem Enabled
[    0.281002] pnp: PnP ACPI init
[    0.282323] pnp: PnP ACPI: found 3 devices
[    0.288787] clocksource: acpi_pm: mask: 0xffffff max_cycles: 0xffffff, max_idle_ns: 2085701024 ns
[    0.290189] NET: Registered protocol family 2
[    0.291067] IP idents hash table entries: 16384 (order: 5, 131072 bytes)
[    0.295880] TCP established hash table entries: 8192 (order: 4, 65536 bytes)
[    0.297031] TCP bind hash table entries: 8192 (order: 5, 131072 bytes)
[    0.298200] TCP: Hash tables configured (established 8192 bind 8192)
[    0.299104] UDP hash table entries: 512 (order: 2, 16384 bytes)
[    0.299931] UDP-Lite hash table entries: 512 (order: 2, 16384 bytes)
[    0.300914] NET: Registered protocol family 1
[    0.301657] pci 0000:00:00.0: Limiting direct PCI/PCI transfers
[    0.302469] pci 0000:00:01.0: Activating ISA DMA hang workarounds
[    0.303447] pci 0000:00:02.0: Video device with shadowed ROM at [mem 0x000c0000-0x000dffff]
[    0.304897] Unpacking initramfs...
[    0.711744] Freeing initrd memory: 19528K
[    0.712771] clocksource: tsc: mask: 0xffffffffffffffff max_cycles: 0x1128a2b87a2, max_idle_ns: 440795257212 ns
[    0.715352] platform rtc_cmos: registered platform RTC device (no PNP device found)
[    0.716833] Scanning for low memory corruption every 60 seconds
[    0.718225] Initialise system trusted keyrings
[    0.718987] Key type blacklist registered
[    0.719707] workingset: timestamp_bits=36 max_order=18 bucket_order=0
[    0.721381] zbud: loaded
[    0.722347] squashfs: version 4.0 (2009/01/31) Phillip Lougher
[    0.723595] fuse init (API version 7.26)
[    0.726138] Key type asymmetric registered
[    0.726753] Asymmetric key parser 'x509' registered
[    0.727451] Block layer SCSI generic (bsg) driver version 0.4 loaded (major 246)
[    0.728736] io scheduler noop registered
[    0.729322] io scheduler deadline registered
[    0.729934] io scheduler cfq registered (default)
[    0.730984] ACPI: AC Adapter [AC] (off-line)
[    0.731758] input: Power Button as /devices/LNXSYSTM:00/LNXPWRBN:00/input/input0
[    0.732957] ACPI: Power Button [PWRF]
[    0.733752] input: Sleep Button as /devices/LNXSYSTM:00/LNXSLPBN:00/input/input1
[    0.734962] ACPI: Sleep Button [SLPF]
[    0.735750] Serial: 8250/16550 driver, 32 ports, IRQ sharing enabled
[    0.736504] ACPI: Battery Slot [BAT0] (battery present)
[    0.758324] 00:02: ttyS0 at I/O 0x3f8 (irq = 4, base_baud = 115200) is a 16550A
[    0.760903] Linux agpgart interface v0.103
[    0.762516] loop: module loaded
[    0.763907 scsi host0: ata_piix
[    0.796046] scsi host1: ata_piix
[    0.796998] ata1: PATA max UDMA/33 cmd 0x1f0 ctl 0x3f6 bmdma 0xd000 irq 14
[    0.799151] ata2: PATA max UDMA/33 cmd 0x170 ctl 0x376 bmdma 0xd008 irq 15
[    0.801195] tun: Universal TUN/TAP device driver, 1.6
[    0.802186] PPP generic driver version 2.4.2
[    0.803071] ehci_hcd: USB 2.0 'Enhanced' Host Controller (EHCI) Driver
[    0.804200] ehci-pci: EHCI PCI platform driver
[    0.805035] ehci-platform: EHCI generic platform driver
[    0.806296] ohci_hcd: USB 1.1 'Open' Host Controller (OHCI) Driver
[    0.807152] ohci-pci: OHCI PCI platform driver
[    0.807853] ohci-platform: OHCI generic platform driver
[    0.808626] uhci_hcd: USB Universal Host Controller Interface driver
[    0.809517] i8042: PNP: PS/2 Controller [PNP0303:PS2K,PNP0f03:PS2M] at 0x60,0x64 irq 1,12
[    0.811199] serio: i8042 KBD port at 0x60,0x64 irq 1
[    0.811938] serio: i8042 AUX port at 0x60,0x64 irq 12
[    0.812852] mousedev: PS/2 mouse device common for all mice
[    0.814004] input: AT Translated Set 2 keyboard as /devices/platform/i8042/serio0/input/input2
[    0.815597] rtc_cmos rtc_cmos: rtc core: registered rtc_cmos as rtc0
[    0.816628] rtc_cmos rtc_cmos: alarms up to one day, 114 bytes nvram
[    0.817533] i2c /dev entries driver
[    0.818112] device-mapper: uevent: version 1.0.3
[    0.818948] device-mapper: ioctl: 4.37.0-ioctl (2017-09-20) initialised: dm-devel@redhat.com
[    0.820163] ledtrig-cpu: registered to indicate activity on CPUs
[    0.821900] NET: Registered protocol family 10
[    0.826637] Segment Routing with IPv6
[    0.827316] NET: Registered protocol family 17
[    0.828333] Key type dns_resolver registered
[    0.829216] mce: Using 0 MCE banks
[    0.829832] RAS: Correctable Errors collector initialized.
[    0.830704] sched_clock: Marking stable (829139151, 0)->(998842699, -169703548)
[    0.832505] registered taskstats version 1
[    0.833120] Loading compiled-in X.509 certificates
[    0.835606] Loaded X.509 cert 'Build time autogenerated kernel key: bf7408fbf6fb1533149f8498a029058066c47156'
[    0.837774] Loaded X.509 cert 'Canonical Ltd. Live Patch Signing: 14df34d1a87cf37625abec039ef2bf521249b969'
[    0.840037] Loaded X.509 cert 'Canonical Ltd. Kernel Module Signing: 88f752e560a1e0737e31163a466ad7b70a850c19'
[    0.841618] blacklist: Loading compiled-in revocation X.509 certificates
[    0.842649] Loaded X.509 cert 'Canonical Ltd. Secure Boot Signing: 61482aa2830d0ab2ad5af10b7250da9033ddcef0'
[    0.844424] zswap: loaded using pool lzo/zbud
[    0.847824] Key type big_key registered
[    0.848501] Key type trusted registered
[    0.850331] Key type encrypted registered
[    0.851035] AppArmor: AppArmor sha1 policy hashing enabled
[    0.851879] ima: No TPM chip found, activating TPM-bypass! (rc=-19)
[    0.852962] ima: Allocated hash algorithm: sha1
[    0.853729] evm: HMAC attrs: 0x1
[    0.854533]   Magic number: 10:255:341
[    0.855178] rtc_cmos rtc_cmos: setting system clock to 2022-06-01 18:18:57 UTC (1654107537)
[    0.856657] BIOS EDD facility v0.16 2004-Jun-25, 0 devices found
[    0.857572] EDD information not available.
[    0.988412] Freeing unused kernel image memory: 2468K
[    1.000031] Write protecting the kernel read-only data: 20480k
[    1.002142] Freeing unused kernel image memory: 2008K
[    1.003453] Freeing unused kernel image memory: 1820K
[    1.010606] x86/mm: Checked W+X mappings: passed, no W+X pages found.
Loading, please wait...
starting version 237
[    1.063174] Fusion MPT base driver 3.04.20
[    1.064048] Copyright (c) 1999-2008 LSI Corporation
[    1.069504] Fusion MPT SPI Host driver 3.04.20
[    1.078176] e1000: Intel(R) PRO/1000 Network Driver - version 7.3.21-k8-NAPI
[    1.080295] e1000: Copyright (c) 1999-2006 Intel Corporation.
[    1.088513] AVX2 version of gcm_enc/dec engaged.
[    1.089519] AES CTR mode by8 optimization enabled
[    1.090864] mptbase: ioc0: Initiating bringup
[    1.189411] ioc0: LSI53C1030 A0: Capabilities={Initiator}
[    1.284197] input: ImExPS/2 Generic Explorer Mouse as /devices/platform/i8042/serio1/input/input4
[    1.442491] scsi host2: ioc0: LSI53C1030 A0, FwRev=00000000h, Ports=1, MaxQ=256, IRQ=20
[    1.614569] scsi 2:0:0:0: Direct-Access     VBOX     HARDDISK         1.0  PQ: 0 ANSI: 5
[    1.750819] scsi target2:0:0: Beginning Domain Validation
[    1.755726] scsi target2:0:0: Domain Validation skipping write tests
[    1.757252] scsi target2:0:0: Ending Domain Validation
[    1.758541] scsi target2:0:0: asynchronous
[    1.759698] scsi 2:0:1:0: Direct-Access     VBOX     HARDDISK         1.0  PQ: 0 ANSI: 5
[    2.048590] scsi target2:0:1: Beginning Domain Validation
[    2.053516] random: fast init done
[    2.056003] scsi target2:0:1: Domain Validation skipping write tests
[    2.057480] scsi target2:0:1: Ending Domain Validation
[    2.058484] scsi target2:0:1: asynchronous
[    2.066220] sd 2:0:0:0: [sda] 83886080 512-byte logical blocks: (42.9 GB/40.0 GiB)
[    2.067140] random: systemd-udevd: uninitialized urandom read (16 bytes read)
[    2.067781] sd 2:0:0:0: Attached scsi generic sg0 type 0
[    2.069101] random: systemd-udevd: uninitialized urandom read (16 bytes read)
[    2.069104] random: systemd-udevd: uninitialized urandom read (16 bytes read)
[    2.072713] sd 2:0:0:0: [sda] Write Protect is off
[    2.074022] sd 2:0:0:0: [sda] Incomplete mode parameter data
[    2.075040] sd 2:0:0:0: [sda] Assuming drive cache: write through
[    2.076138] e1000 0000:00:03.0 eth0: (PCI:33MHz:32-bit) 02:50:97:ae:47:44
[    2.077074] sd 2:0:1:0: [sdb] 20480 512-byte logical blocks: (10.5 MB/10.0 MiB)
[    2.078040] e1000 0000:00:03.0 eth0: Intel(R) PRO/1000 Network Connection
[    2.079437] sd 2:0:1:0: [sdb] Write Protect is off
[    2.081989] sd 2:0:1:0: Attached scsi generic sg1 type 0
[    2.083689] sd 2:0:1:0: [sdb] Incomplete mode parameter data
[    2.085009] sd 2:0:1:0: [sdb] Assuming drive cache: write through
[    2.139559]  sda: sda1
[    2.143245] sd 2:0:0:0: [sda] Attached SCSI disk
[    2.145299] sd 2:0:1:0: [sdb] Attached SCSI disk
[    2.486573] e1000 0000:00:08.0 eth1: (PCI:33MHz:32-bit) 08:00:27:37:50:93
[    2.489535] e1000 0000:00:08.0 eth1: Intel(R) PRO/1000 Network Connection
[    2.492669] e1000 0000:00:03.0 enp0s3: renamed from eth0
[    2.509555] e1000 0000:00:08.0 enp0s8: renamed from eth1
Begin: Loading essential drivers ... [    4.000071] raid6: sse2x1   gen()  9590 MB/s
[    4.048121] raid6: sse2x1   xor()  5695 MB/s
[    4.096085] raid6: sse2x2   gen() 11886 MB/s
[    4.144089] raid6: sse2x2   xor()  9731 MB/s
[    4.192075] raid6: sse2x4   gen() 14037 MB/s
[    4.240116] raid6: sse2x4   xor()  7115 MB/s
[    4.288103] raid6: avx2x1   gen() 13634 MB/s
[    4.336084] raid6: avx2x1   xor() 11974 MB/s
[    4.384081] raid6: avx2x2   gen() 23636 MB/s
[    4.432073] raid6: avx2x2   xor() 15577 MB/s
[    4.480078] raid6: avx2x4   gen() 24075 MB/s
[    4.528063] raid6: avx2x4   xor() 15130 MB/s
[    4.529184] raid6: using algorithm avx2x4 gen() 24075 MB/s
[    4.530515] raid6: .... xor() 15130 MB/s, rmw enabled
[    4.531777] raid6: using avx2x2 recovery algorithm
[    4.534502] xor: automatically using best checksumming function   avx       
[    4.537156] async_tx: api initialized (async)
done.
Begin: Running /scripts/init-premount ... done.
Begin: Mounting root file system ... Begin: Running /scripts/local-top ... done.
Begin: Running /scripts/local-premount ... [    4.589241] Btrfs loaded, crc32c=crc32c-intel
Scanning for Btrfs filesystems
done.
Warning: fsck not present, so skipping root file system
[    4.682201] EXT4-fs (sda1): mounted filesystem with ordered data mode. Opts: (null)
done.
Begin: Running /scripts/local-bottom ... done.
Begin: Running /scripts/init-bottom ... done.
[    4.877679] ip_tables: (C) 2000-2006 Netfilter Core Team
[    4.889127] systemd[1]: systemd 237 running in system mode. (+PAM +AUDIT +SELINUX +IMA +APPARMOR +SMACK +SYSVINIT +UTMP +LIBCRYPTSETUP +GCRYPT +GNUTLS +ACL +XZ +LZ4 +SECCOMP +BLKID +ELFUTILS +KMOD -IDN2 +IDN -PCRE2 default-hierarchy=hybrid)
[    4.893150] systemd[1]: Detected virtualization oracle.
[    4.894079] systemd[1]: Detected architecture x86-64.

Welcome to [1mUbuntu 18.04.6 LTS[0m!

[    4.900410] systemd[1]: Set hostname to <ubuntu>.
[    4.905195] systemd[1]: Initializing machine ID from random generator.
[    4.906241] systemd[1]: Installed transient /etc/machine-id file.
[    5.174747] systemd[1]: Reached target System Time Synchronized.
[[0;32m  OK  [0m] Reached target System Time Synchronized.
[    5.176640] systemd[1]: Started Forward Password Requests to Wall Directory Watch.
[[0;32m  OK  [0m] Started Forward Password Requests to Wall Directory Watch.
[    5.178795] systemd[1]: Reached target Swap.
[[0;32m  OK  [0m] Reached target Swap.
[    5.181442] systemd[1]: Created slice System Slice.
[[0;32m  OK  [0m] Created slice System Slice.
[[0;32m  OK  [0m] Listening on Journal Socket.
         Mounting Kernel Debug File System...
         Starting Uncomplicated firewall...
[[0;32m  OK  [0m] Listening on Network Service Netlink Socket.
[[0;32m  OK  [0m] Listening on /dev/initctl Compatibility Named Pipe.
[[0;32m  OK  [0m] Listening on udev Kernel Socket.
         Mounting POSIX Message Queue File System...
[[0;32m  OK  [0m] Listening on udev Control Socket.
[[0;32m  OK  [0m] Listening on Journal Socket (/dev/log).
[[0;32m  OK  [0m] Listening on Device-mapper event daemon FIFOs.
         Starting Set the console keyboard layout...
[[0;32m  OK  [0m] Created slice User and Session Slice.
[[0;32m  OK  [0m] Reached target Slices.
         Starting udev Coldplug all Devices...
[[0;32m  OK  [0m] Listening on LVM2 metadata daemon socket.
         Starting Monitoring of LVM2 mirrorsâ€¦ng dmeventd or progress polling...
[[0;32m  OK  [0m] Listening on LVM2 poll daemon socket.
         Mounting Huge Pages File System...
[[0;32m  OK  [0m] Listening on Syslog Socket.
[[0;32m  OK  [0m] Listening on fsck to fsckd communication Socket.
         Starting File System Check on Root Device...
[[0;32m  OK  [0m] Created slice system-serial\x2dgetty.slice.
[[0;32m  OK  [0m] Set up automount Arbitrary Executabâ€¦rmats File System Automount Point.
         Starting Create list of required stâ€¦ce nodes for the current kernel...
[[0;32m  OK  [0m] Reached target User and Group Name Lookups.
[[0;32m  OK  [0m] Listening on Journal Audit Socket.
         Starting Journal Service...
         Starting Load Kernel Modules...
[[0;32m  OK  [0m] Mounted Kernel Debug File System.
[[0;32m  OK  [0m] Started Uncomplicated firewall.
[[0;32m  OK  [0m] Mounted POSIX Message Queue File System.
[[0;32m  OK  [0m] Mounted Huge Pages File System.
[[0;32m  OK  [0m] Started Create list of required staâ€¦vice nodes for the current kernel.
[[0;32m  OK  [0m] Started File System Check Daemon to report status.
[[0;32m  OK  [0m] Started LVM2 metadata daemon.
         Starting Create Static Device Nodes in /dev...
[    5.360874] Loading iSCSI transport class v2.0-870.
[[0;32m  OK  [0m] Started Journal Service.
[[0;32m  OK  [0m] Started Create Static Device Nodes in /dev.
[[0;32m  OK  [0m] Started udev Coldplug all Devices.
[[0;32m  OK  [0m] Started File System Check on Root Device.
         Starting Remount Root and Kernel File Systems...
[    5.416523] iscsi: registered transport (tcp)
[    5.436542] iscsi: registered transport (iser)
[[0;32m  OK  [0m] Started Load Kernel Modules.
         Mounting Kernel Configuration File System...
         Starting Apply Kernel Variables...
         Mounting FUSE Control File System...
[    5.475154] EXT4-fs (sda1): re-mounted. Opts: (null)
[[0;32m  OK  [0m] Started Monitoring of LVM2 mirrors,â€¦sing dmeventd or progress polling.
[[0;32m  OK  [0m] Started Remount Root and Kernel File Systems.
[[0;32m  OK  [0m] Mounted Kernel Configuration File System.
[[0;32m  OK  [0m] Started Apply Kernel Variables.
[[0;32m  OK  [0m] Mounted FUSE Control File System.
         Starting Load/Save Random Seed...
         Starting Flush Journal to Persistent Storage...
         Starting udev Kernel Device Manager...
[[0;32m  OK  [0m] Started Load/Save Random Seed.
[[0;32m  OK  [0m] Started udev Kernel Device Manager.
[[0;32m  OK  [0m] Started Flush Journal to Persistent Storage.
[[0;32m  OK  [0m] Found device /dev/ttyS0.
[[0;32m  OK  [0m] Listening on Load/Save RF Kill Switch Status /dev/rfkill Watch.
[[0;32m  OK  [0m] Started Set the console keyboard layout.
[[0;32m  OK  [0m] Reached target Local File Systems (Pre).
[[0;32m  OK  [0m] Reached target Local File Systems.
         Starting Tell Plymouth To Write Out Runtime Data...
         Starting ebtables ruleset management...
         Starting Set console font and keymap...
         Starting Commit a transient machine-id on disk...
         Starting Create Volatile Files and Directories...
         Starting AppArmor initialization...
[[0;32m  OK  [0m] Started Dispatch Password Requests to Console Directory Watch.
[[0;32m  OK  [0m] Reached target Local Encrypted Volumes.
[[0;32m  OK  [0m] Started Tell Plymouth To Write Out Runtime Data.
[[0;32m  OK  [0m] Started Create Volatile Files and Directories.
         Starting Update UTMP about System Boot/Shutdown...
[[0;32m  OK  [0m] Started Update UTMP about System Boot/Shutdown.
[[0;32m  OK  [0m] Started Commit a transient machine-id on disk.
[[0;32m  OK  [0m] Started ebtables ruleset management.
[[0;32m  OK  [0m] Started AppArmor initialization.
         Starting Initial cloud-init job (pre-networking)...
         Starting Load AppArmor profiles managed internally by snapd...
[[0;32m  OK  [0m] Started Load AppArmor profiles managed internally by snapd.
[[0;32m  OK  [0m] Started Set console font and keymap.
[    9.505451] cloud-init[822]: Cloud-init v. 22.1-14-g2e17a0d6-0ubuntu1~18.04.3 running 'init-local' at Wed, 01 Jun 2022 18:19:05 +0000. Up 9.08 seconds.
[[0;32m  OK  [0m] Started Initial cloud-init job (pre-networking).
[[0;32m  OK  [0m] Reached target Network (Pre).
         Starting Network Service...
[[0;32m  OK  [0m] Started Network Service.
         Starting Network Name Resolution...
         Starting Wait for Network to be Configured...
[[0;32m  OK  [0m] Started Network Name Resolution.
[[0;32m  OK  [0m] Reached target Network.
[[0;32m  OK  [0m] Reached target Host and Network Name Lookups.
[[0;32m  OK  [0m] Started Wait for Network to be Configured.
         Starting Initial cloud-init job (metadata service crawler)...
[   12.497951] cloud-init[984]: Cloud-init v. 22.1-14-g2e17a0d6-0ubuntu1~18.04.3 running 'init' at Wed, 01 Jun 2022 18:19:08 +0000. Up 12.16 seconds.
[   12.508422] cloud-init[984]: ci-info: ++++++++++++++++++++++++++++++++++++++Net device info+++++++++++++++++++++++++++++++++++++++
[   12.509992] cloud-init[984]: ci-info: +--------+-------+----------------------------+---------------+--------+-------------------+
[   12.511865] cloud-init[984]: ci-info: | Device |   Up  |          Address           |      Mask     | Scope  |     Hw-Address    |
[   12.514090] cloud-init[984]: ci-info: +--------+-------+----------------------------+---------------+--------+-------------------+
[   12.516152] cloud-init[984]: ci-info: | enp0s3 |  True |         10.0.2.15          | 255.255.255.0 | global | 02:50:97:ae:47:44 |
[   12.518334] cloud-init[984]: ci-info: | enp0s3 |  True | fe80::50:97ff:feae:4744/64 |       .       |  link  | 02:50:97:ae:47:44 |
[   12.520222] cloud-init[984]: ci-info: | enp0s8 | False |             .              |       .       |   .    | 08:00:27:37:50:93 |
[   12.522309] cloud-init[984]: ci-info: |   lo   |  True |         127.0.0.1          |   255.0.0.0   |  host  |         .         |
[   12.525793] cloud-init[984]: ci-info: |   lo   |  True |          ::1/128           |       .       |  host  |         .         |
[   12.528502] cloud-init[984]: ci-info: +--------+-------+----------------------------+---------------+--------+-------------------+
[   12.530702] cloud-init[984]: ci-info: ++++++++++++++++++++++++++++Route IPv4 info+++++++++++++++++++++++++++++
[   12.572809] cloud-init[984]: ci-info: +-------+-------------+----------+-----------------+-----------+-------+
[   12.574238] cloud-init[984]: ci-info: | Route | Destination | Gateway  |     Genmask     | Interface | Flags |
[   12.575838] cloud-init[984]: ci-info: +-------+-------------+----------+-----------------+-----------+-------+
[   12.577425] cloud-init[984]: ci-info: |   0   |   0.0.0.0   | 10.0.2.2 |     0.0.0.0     |   enp0s3  |   UG  |
[   12.578911] cloud-init[984]: ci-info: |   1   |   10.0.2.0  | 0.0.0.0  |  255.255.255.0  |   enp0s3  |   U   |
[   12.580801] cloud-init[984]: ci-info: |   2   |   10.0.2.2  | 0.0.0.0  | 255.255.255.255 |   enp0s3  |   UH  |
[   12.582846] cloud-init[984]: ci-info: +-------+-------------+----------+-----------------+-----------+-------+
[   12.584900] cloud-init[984]: ci-info: +++++++++++++++++++Route IPv6 info+++++++++++++++++++
[   12.586556] cloud-init[984]: ci-info: +-------+-------------+---------+-----------+-------+
[   12.588031] cloud-init[984]: ci-info: | Route | Destination | Gateway | Interface | Flags |
[   12.589572] cloud-init[984]: ci-info: +-------+-------------+---------+-----------+-------+
[   12.591208] cloud-init[984]: ci-info: |   1   |  fe80::/64  |    ::   |   enp0s3  |   U   |
[   12.592711] cloud-init[984]: ci-info: |   3   |    local    |    ::   |   enp0s3  |   U   |
[   12.594269] cloud-init[984]: ci-info: |   4   |   ff00::/8  |    ::   |   enp0s3  |   U   |
[   12.595694] cloud-init[984]: ci-info: +-------+-------------+---------+-----------+-------+
[   13.250757] cloud-init[984]: Generating public/private rsa key pair.
[   13.251653] cloud-init[984]: Your identification has been saved in /etc/ssh/ssh_host_rsa_key.
[   13.252803] cloud-init[984]: Your public key has been saved in /etc/ssh/ssh_host_rsa_key.pub.
[   13.253841] cloud-init[984]: The key fingerprint is:
[   13.254485] cloud-init[984]: SHA256:wYKd6JBjrjrtrvq5Nf6KWl0L9aWMv1vvi46tOJyVQzw root@ubuntu-bionic
[   13.255468] cloud-init[984]: The key's randomart image is:
[   13.256134] cloud-init[984]: +---[RSA 2048]----+
[   13.256746] cloud-init[984]: |                 |
[   13.257323] cloud-init[984]: |   . + o         |
[   13.257933] cloud-init[984]: |  = o =.o .      |
[   13.258533] cloud-init[984]: | o + . =E+       |
[   13.259067] cloud-init[984]: |  . o o.So       |
[   13.259636] cloud-init[984]: | . . o o+        |
[   13.260284] cloud-init[984]: |... +..o...      |
[   13.260887] cloud-init[984]: |o..= .+. = o     |
[   13.261417] cloud-init[984]: |*BB.ooo.=++.+.   |
[   13.262076] cloud-init[984]: +----[SHA256]-----+
[   13.262716] cloud-init[984]: Generating public/private dsa key pair.
[   13.263517] cloud-init[984]: Your identification has been saved in /etc/ssh/ssh_host_dsa_key.
[   13.264786] cloud-init[984]: Your public key has been saved in /etc/ssh/ssh_host_dsa_key.pub.
[   13.266061] cloud-init[984]: The key fingerprint is:
[   13.266787] cloud-init[984]: SHA256:Eg2ffwwXtzUmnlCv128FhhLWE75gAPltGKJYAGymppY root@ubuntu-bionic
[   13.268031] cloud-init[984]: The key's randomart image is:
[   13.269118] cloud-init[984]: +---[DSA 1024]----+
[   13.270060] cloud-init[984]: |o...  oo. oo++.o.|
[   13.271043] cloud-init[984]: | +  . o+.+ o=+=o.|
[   13.271923] cloud-init[984]: |+  o ..o++= +++. |
[   13.272684] cloud-init[984]: |... .  .ooo* o...|
[   13.273516] cloud-init[984]: |o .   . S.. +. .o|
[   13.284379] cloud-init[984]: |.E     .   .  . o|
[   13.285504] cloud-init[984]: |.               o|
[   13.286555] cloud-init[984]: |               . |
[   13.287712] cloud-init[984]: |                 |
[   13.288875] cloud-init[984]: +----[SHA256]-----+
[   13.290007] cloud-init[984]: Generating public/private ecdsa key pair.
[   13.291683] cloud-init[984]: Your identification has been saved in /etc/ssh/ssh_host_ecdsa_key.
[   13.293077] cloud-init[984]: Your public key has been saved in /etc/ssh/ssh_host_ecdsa_key.pub.
[   13.294847] cloud-init[984]: The key fingerprint is:
[   13.295784] cloud-init[984]: SHA256:YgboRqsZn4ExiCqMuq2ohJaFrSDH3yA+GbHVaS2CU+4 root@ubuntu-bionic
[   13.297496] cloud-init[984]: The key's randomart image is:
[   13.298494] cloud-init[984]: +---[ECDSA 256]---+
[   13.299430] cloud-init[984]: |    .            |
[   13.300383] cloud-init[984]: |o  = . o         |
[   13.301429] cloud-init[984]: |= * = = .        |
[   13.302506] cloud-init[984]: |+BoB + .         |
[   13.303524] cloud-init[984]: |Oo@oE + S        |
[   13.316333] cloud-init[984]: |*O+B = .         |
[   13.317170] cloud-init[984]: |==* . .          |
[   13.318001] cloud-init[984]: |+o .             |
[   13.318790] cloud-init[984]: |*..              |
[   13.328333] cloud-init[984]: +----[SHA256]-----+
[   13.329122] cloud-init[984]: Generating public/private ed25519 key pair.
[   13.330291] cloud-init[984]: Your identification has been saved in /etc/ssh/ssh_host_ed25519_key.
[   13.341092] cloud-init[984]: Your public key has been saved in /etc/ssh/ssh_host_ed25519_key.pub.
[   13.348936] cloud-init[984]: The key fingerprint is:
[   13.349729] cloud-init[984]: SHA256:GUoI+4mzX00i1G0WYDd2gFL+1eWfMH6vMvP4BgMKARc root@ubuntu-bionic
[   13.350965] cloud-init[984]: The key's randomart image is:
[   13.351657] cloud-init[984]: +--[ED25519 256]--+
[   13.352358] cloud-init[984]: |  . .oE+*..   .  |
[   13.352996] cloud-init[984]: |   o.*o+ + . o   |
[   13.353736] cloud-init[984]: |  . o.+.= . .o.  |
[   13.354432] cloud-init[984]: |   + o.= +. . o..|
[   13.355139] cloud-init[984]: |  o + o.S. . . o.|
[   13.355940] cloud-init[984]: |   o . +.   o . .|
[   13.363454] cloud-init[984]: |  .   . .    o  .|
[   13.364333] cloud-init[984]: |   . .      +... |
[   13.365238] cloud-init[984]: |    .       .B+  |
[   13.366259] cloud-init[984]: +----[SHA256]-----+
[[0;32m  OK  [0m] Started Initial cloud-init job (metadata service crawler).
[[0;32m  OK  [0m] Reached target System Initialization.
[[0;32m  OK  [0m] Started Daily Cleanup of Temporary Directories.
         Starting LXD - unix socket.
[[0;32m  OK  [0m] Listening on Open-iSCSI iscsid Socket.
[[0;32m  OK  [0m] Started Message of the Day.
[[0;32m  OK  [0m] Started Trigger to poll for Ubuntu â€¦(Only enabled on GCP LTS non-pro).
         Starting Socket activation for snappy daemon.
[[0;32m  OK  [0m] Listening on cloud-init hotplug hook socket.
[[0;32m  OK  [0m] Listening on D-Bus System Message Bus Socket.
[[0;32m  OK  [0m] Listening on UUID daemon activation socket.
[[0;32m  OK  [0m] Started ACPI Events Check.
[[0;32m  OK  [0m] Reached target Paths.
[[0;32m  OK  [0m] Listening on ACPID Listen Socket.
[[0;32m  OK  [0m] Started Daily apt download activities.
[[0;32m  OK  [0m] Started Daily apt upgrade and clean activities.
[[0;32m  OK  [0m] Started Ubuntu Advantage Timer for running repeated jobs.
[[0;32m  OK  [0m] Started Discard unused blocks once a week.
[[0;32m  OK  [0m] Reached target Timers.
[[0;32m  OK  [0m] Reached target Network is Online.
[[0;32m  OK  [0m] Reached target Remote File Systems (Pre).
[[0;32m  OK  [0m] Reached target Remote File Systems.
         Starting Availability of block devices...
[[0;32m  OK  [0m] Reached target Cloud-config availability.
[[0;32m  OK  [0m] Listening on LXD - unix socket.
[[0;32m  OK  [0m] Listening on Socket activation for snappy daemon.
[[0;32m  OK  [0m] Started Availability of block devices.
[[0;32m  OK  [0m] Reached target Sockets.
[[0;32m  OK  [0m] Reached target Basic System.
[[0;32m  OK  [0m] Started Deferred execution scheduler.
         Starting Dispatcher daemon for systemd-networkd...
         Starting Virtualbox guest utils...
[[0;32m  OK  [0m] Started FUSE filesystem for LXC.
         Starting LSB: automatic crash report generation...
         Starting Permit User Sessions...
[[0;32m  OK  [0m] Started D-Bus System Message Bus.
         Starting System Logging Service...
         Starting Pollinate to seed the pseudo random number generator...
         Starting Accounts Service...
         Starting Login Service...
[[0;32m  OK  [0m] Started Regular background program processing daemon.
         Starting LSB: Record successful boot for GRUB...
         Starting Snap Daemon...
[[0;32m  OK  [0m] Started irqbalance daemon.
         Starting LXD - container startup/shutdown...
[[0;32m  OK  [0m] Started System Logging Service.
[[0;32m  OK  [0m] Started Permit User Sessions.
[[0;32m  OK  [0m] Started Login Service.
         Starting Authorization Manager...
[[0;32m  OK  [0m] Started Unattended Upgrades Shutdown.
         Starting Terminate Plymouth Boot Screen...
         Starting Hold until boot process finishes up...
[[0;32m  OK  [0m] Started Hold until boot process finishes up.
         Starting Set console scheme...
[[0;32m  OK  [0m] Started Serial Getty on ttyS0.
[[0;32m  OK  [0m] Started Terminate Plymouth Boot Screen.
[[0;32m  OK  [0m] Started Set console scheme.
[[0;32m  OK  [0m] Started LSB: automatic crash report generation.
[[0;32m  OK  [0m] Created slice system-getty.slice.
[[0;32m  OK  [0m] Started Getty on tty1.
[[0;32m  OK  [0m] Reached target Login Prompts.
[[0;32m  OK  [0m] Started LSB: Record successful boot for GRUB.
[[0;32m  OK  [0m] Started Authorization Manager.
[[0;32m  OK  [0m] Started Accounts Service.
[[0;32m  OK  [0m] Started Virtualbox guest utils.
[[0;32m  OK  [0m] Started LXD - container startup/shutdown.
[[0;32m  OK  [0m] Started Dispatcher daemon for systemd-networkd.
[[0;32m  OK  [0m] Started Snap Daemon.
         Starting Wait until snapd is fully seeded...
         Starting Time & Date Service...
[[0;32m  OK  [0m] Started Time & Date Service.
[[0;32m  OK  [0m] Started Wait until snapd is fully seeded.
         Starting Apply the settings specified in cloud-config...
[[0;32m  OK  [0m] Started Pollinate to seed the pseudo random number generator.
         Starting OpenBSD Secure Shell server...
[[0;32m  OK  [0m] Started OpenBSD Secure Shell server.
[[0;32m  OK  [0m] Reached target Multi-User System.
[[0;32m  OK  [0m] Reached target Graphical Interface.
         Starting Update UTMP about System Runlevel Changes...
[[0;32m  OK  [0m] Started Update UTMP about System Runlevel Changes.
[[0;32m  OK  [0m] Created slice User Slice of vagrant.
         Starting User Manager for UID 1000...
[[0;32m  OK  [0m] Started Session 1 of user vagrant.
[[0;32m  OK  [0m] Started User Manager for UID 1000.
[   18.328472] cloud-init[1419]: Cloud-init v. 22.1-14-g2e17a0d6-0ubuntu1~18.04.3 running 'modules:config' at Wed, 01 Jun 2022 18:19:14 +0000. Up 17.74 seconds.
[[0;32m  OK  [0m] Started Apply the settings specified in cloud-config.
         Starting Execute cloud user/final scripts...
ci-info: no authorized SSH keys fingerprints found for user ubuntu.
<14>Jun  1 18:19:15 cloud-init: #############################################################
<14>Jun  1 18:19:15 cloud-init: -----BEGIN SSH HOST KEY FINGERPRINTS-----
<14>Jun  1 18:19:15 cloud-init: 1024 SHA256:Eg2ffwwXtzUmnlCv128FhhLWE75gAPltGKJYAGymppY root@ubuntu-bionic (DSA)
<14>Jun  1 18:19:15 cloud-init: 256 SHA256:YgboRqsZn4ExiCqMuq2ohJaFrSDH3yA+GbHVaS2CU+4 root@ubuntu-bionic (ECDSA)
<14>Jun  1 18:19:15 cloud-init: 256 SHA256:GUoI+4mzX00i1G0WYDd2gFL+1eWfMH6vMvP4BgMKARc root@ubuntu-bionic (ED25519)
<14>Jun  1 18:19:15 cloud-init: 2048 SHA256:wYKd6JBjrjrtrvq5Nf6KWl0L9aWMv1vvi46tOJyVQzw root@ubuntu-bionic (RSA)
<14>Jun  1 18:19:15 cloud-init: -----END SSH HOST KEY FINGERPRINTS-----
<14>Jun  1 18:19:15 cloud-init: #############################################################
-----BEGIN SSH HOST KEY KEYS-----
ecdsa-sha2-nistp256 AAAAE2VjZHNhLXNoYTItbmlzdHAyNTYAAAAIbmlzdHAyNTYAAABBBIQK/AkPpgfyppBaC7OH5YZS0b0W7GSm89LrynldAYv77eCzXyFNP9PNCFfpkWHH9ErWOuKnmT66D3+pDtvQQ1c= root@ubuntu-bionic
ssh-ed25519 AAAAC3NzaC1lZDI1NTE5AAAAILWyjtUbvi11oss9T4ci5lkUJmsNdk9XjMWVNCq2RPpn root@ubuntu-bionic
ssh-rsa AAAAB3NzaC1yc2EAAAADAQABAAABAQCobgFRxR/5qWdM64T99A9cQeqAxFu+6xzLg11rGudXdCq7BZ9JEjvzFsFzEX9PvJlHMuBpKXInpYgrBYjD9/8zlFelJ7LrqioXmTUoQbFayMHdXxjwopJnfjq4/mYhQUyYaqNOM0CZ3mKqTd+UiHUPhGdNgSM77itNlyOAQtWVClpRT67ILZ1gT5HG3epdBQK1o/9yH2aZV0t63nlMzGOrGdTGQQ2JEhpcg98KLs3MPf1yQWqw04VWaOFrSj6/7ikK4rVBQkDvk07gaJb78R3rEtw2le5WIrciQid2wxax2jaCkORjoW4sRe7r5QxI+FqaLDjh4kBMe6talyqZVpjT root@ubuntu-bionic
-----END SSH HOST KEY KEYS-----
[   19.234629] cloud-init[1568]: Cloud-init v. 22.1-14-g2e17a0d6-0ubuntu1~18.04.3 running 'modules:final' at Wed, 01 Jun 2022 18:19:15 +0000. Up 18.94 seconds.
[   19.234750] cloud-init[1568]: Cloud-init v. 22.1-14-g2e17a0d6-0ubuntu1~18.04.3 finished at Wed, 01 Jun 2022 18:19:15 +0000. Datasource DataSourceNoCloud [seed=/dev/sdb][dsmode=net].  Up 19.22 seconds

Ubuntu 18.04.6 LTS ubuntu-bionic ttyS0

ubuntu-bionic login: 